Invalid word placement: (1,3) H, hello
..........
..........
.hello....
..........
..........
..........
..........
..........
..........
..........
Place vertically at (1,2)
