Invalid word placement: (2,2) V, hello
Invalid word placement: (0,4) H, hello
..........
..........
...h......
..hello...
...l......
...l......
...o......
..........
..........
..........
