..........
..........
...h..h...
..hello...
...l..w...
...l..d...
...o.bye..
..........
..........
..........
