Invalid word placement: (3,0) V, bye
Invalid word placement: (3,4) V, eyb
..........
..........
..........
..hello...
..........
..........
..........
..........
..........
..........
