Invalid word placement: (7,3) H, hello
Invalid word placement: (3,7) V, hello
..........
..........
..........
..........
..........
..........
..........
..........
..........
..........
