Invalid word placement: (2,2) H, hello
Invalid word placement: (2,4) H, hello
Invalid word placement: (7,2) V, hello
..........
..........
..........
..hello...
..........
..........
..........
..........
..........
..........
