Invalid word placement: (2,3) H, hello
..........
..........
.h........
.e........
.l........
.l........
.o........
..........
..........
..........
