Invalid word placement: (2,2) V, hello
..........
..........
..........
..hello...
..........
..........
..........
..........
..........
..........
