Invalid word placement: (2,3) H, hello
..........
..........
..hh......
..ee......
hello.....
..ll......
..oo......
..........
..........
..........
