Invalid word placement: (1,3) H, hello
..........
..........
.hello....
..........
..........
..........
..........
..........
..........
..........
Place vertically at (3,2)
Place vertically at (4,2)
