..........
..........
...h......
..hello...
...l......
...l......
...o......
..........
..........
..........
