Invalid word placement: (3,1) V, hello
..........
..........
..hello...
..e.......
..l.......
..l.......
..o.......
..........
..........
..........
Place vertically at (4,2)
Place vertically at (5,2)
Place horizontally at (2,4)
Place horizontally at (2,5)
