.......
.hello.
.o.a.x.
.watwo.
.d.c.x.
.yahoo.
.......
