Invalid word placement: (3,1) V, hello
..........
..........
..hello...
..e...l...
..l...l...
..l...e...
..olleh...
..........
..........
..........
Place vertically at (3,2)
Place horizontally at (2,3)
Place horizontally at (6,5)
Place vertically at (5,6)
