Invalid word placement: (2,2) V, hello
..........
..........
...h......
..hello...
hello.....
...l......
...o......
..........
..........
..........
