Invalid word placement: (1,2) V, hello
..........
..........
..........
..hello...
..........
..........
..........
..........
..........
..........
