Invalid word placement: (3,1) V, hello
..........
..h.......
..e.......
..l.......
..l.......
..o.......
..........
..........
..........
..........
Place horizontally at (2,5)
