List 0: new list
 [ ] (0 items)
List 1: new list
 [ ] (0 items)
List 0: build
 [ alpha beta gamma delta epsilon ] (5 items)
List 0: Overlap between lists 0 and 1 is 0
List 0: List 1 spliced to the end of list 0
 [ alpha beta gamma delta epsilon ] (5 items)
List 1: print
 [ ] (0 items)
List 1: new list
 [ ] (0 items)
List 1: Overlap between lists 1 and 0 is 0
List 1: List 0 spliced to the end of list 1
 [ alpha beta gamma delta epsilon ] (5 items)
List 0: print
 [ ] (0 items)
List 0: new list
 [ ] (0 items)
List 0: Overlap between lists 0 and 0 is 0
List 0: List 0 spliced to the end of list 0
 [ ] (0 items)
List 1: Overlap between lists 1 and 1 is 5
List 1: List 1 spliced to the end of list 1
 [ alpha beta gamma delta epsilon ] (5 items)
