List 0: new list
 [ ] (0 items)
List 1: new list
 [ ] (0 items)
List 0: build
 [ alpha beta gamma delta beta gamma ] (6 items)
List 1: build
 [ beta gamma delta alpha ] (4 items)
List 0: Overlap between lists 0 and 1 is 2
List 0: List 1 spliced to the end of list 0
 [ alpha beta gamma delta beta gamma delta alpha ] (8 items)
List 1: print
 [ beta gamma ] (2 items)
List 0: new list
 [ ] (0 items)
List 1: new list
 [ ] (0 items)
List 0: build
 [ alpha beta gamma delta beta gamma ] (6 items)
List 1: build
 [ beta gamma delta alpha ] (4 items)
List 1: Overlap between lists 1 and 0 is 1
List 1: List 0 spliced to the end of list 1
 [ beta gamma delta alpha beta gamma delta beta gamma ] (9 items)
List 0: print
 [ alpha ] (1 items)
