List 0: new list
 [ ] (0 items)
List 1: new list
 [ ] (0 items)
List 0: build
 [ alpha beta gamma delta beta gamma ] (6 items)
List 1: build
 [ beta gamma delta alpha ] (4 items)
List 0: Overlap between lists 0 and 1 is 2
List 1: Overlap between lists 1 and 0 is 1
